// Jest Snapshot v1, https://goo.gl/fbAQLP

exports[`Products Products initial renders properly 1`] = `ShallowWrapper {}`;
